 
****************************************
Report : timing
        -path full
        -delay max
        -max_paths 1
Design : rv32_cpu_top
Version: V-2023.12-SP5
Date   : Tue Feb  4 23:56:01 2025
****************************************

 # A fanout number of 1000 was used for high fanout net computations.

Operating Conditions: NCCOM   Library: tcbn40lpbwptc
Wire Load Model Mode: segmented

  Startpoint: iMEM_WB/rf_queue_reg[1]
              (rising edge-triggered flip-flop clocked by clk)
  Endpoint: iEX_MEM/alu_res_queue_reg[24]
            (rising edge-triggered flip-flop clocked by clk)
  Path Group: clk
  Path Type: max

  Des/Clust/Port     Wire Load Model       Library
  ------------------------------------------------
  rv32_cpu_top       TSMC32K_Lowk_Conservative
                                           tcbn40lpbwptc

  Point                                                   Incr       Path
  --------------------------------------------------------------------------
  clock clk (rise edge)                                   0.00       0.00
  clock network delay (ideal)                             0.00       0.00
  iMEM_WB/rf_queue_reg[1]/CP (DFCND4BWP)                  0.00 #     0.00 r
  iMEM_WB/rf_queue_reg[1]/Q (DFCND4BWP)                   0.11       0.11 f
  U7938/ZN (INVD8BWP)                                     0.03       0.14 r
  U5450/ZN (NR2XD4BWP)                                    0.03       0.17 f
  U5152/Z (CKBD16BWP)                                     0.05       0.22 f
  U7461/ZN (CKND16BWP)                                    0.02       0.24 r
  U5527/ZN (CKND6BWP)                                     0.02       0.26 f
  U8378/ZN (AOI22D4BWP)                                   0.05       0.30 r
  U8955/ZN (ND2D4BWP)                                     0.04       0.34 f
  U6302/ZN (INVD4BWP)                                     0.02       0.36 r
  U8251/ZN (OAI21D4BWP)                                   0.02       0.39 f
  U9768/ZN (DCCKND4BWP)                                   0.02       0.41 r
  U8482/ZN (CKND4BWP)                                     0.02       0.42 f
  U6507/ZN (CKND6BWP)                                     0.02       0.44 r
  U8675/Z (OA221D4BWP)                                    0.08       0.52 r
  U6305/ZN (CKND6BWP)                                     0.02       0.55 f
  U8864/ZN (CKND2D8BWP)                                   0.02       0.57 r
  U8768/ZN (ND3D4BWP)                                     0.03       0.59 f
  U13222/ZN (INR2XD2BWP)                                  0.03       0.62 r
  U14785/ZN (IND3D4BWP)                                   0.03       0.65 f
  U5856/Z (OA32D4BWP)                                     0.10       0.75 f
  U8245/Z (OA32D4BWP)                                     0.09       0.84 f
  U6503/ZN (ND2D4BWP)                                     0.03       0.87 r
  U5281/ZN (CKND2D8BWP)                                   0.02       0.89 f
  U14056/ZN (AOI32XD4BWP)                                 0.04       0.92 r
  U5159/ZN (OAI211D2BWP)                                  0.05       0.98 f
  U5156/ZN (IND2D2BWP)                                    0.05       1.02 f
  iEX_MEM/alu_res_queue_reg[24]/D (DFCND1BWP)             0.00       1.02 f
  data arrival time                                                  1.02

  clock clk (rise edge)                                   1.11       1.11
  clock network delay (ideal)                             0.00       1.11
  clock uncertainty                                      -0.08       1.03
  iEX_MEM/alu_res_queue_reg[24]/CP (DFCND1BWP)            0.00       1.03 r
  library setup time                                     -0.01       1.02
  data required time                                                 1.02
  --------------------------------------------------------------------------
  data required time                                                 1.02
  data arrival time                                                 -1.02
  --------------------------------------------------------------------------
  slack (MET)                                                        0.00


1
