 
****************************************
Report : area
Design : ivm_soc_v1
Version: X-2025.06
Date   : Mon Oct 13 23:24:10 2025
****************************************

Library(s) Used:

    gf22nspslogl36eda116f_TT_0P65V_0P00V_0P00V_0P00V_25C (File: /raid/GF22FDX_PLUS/e_chip_I/GF22_libs/gf22nspslogl36eda116f_TT_0P65V_0P00V_0P00V_0P00V_25C.db)
    gf22nspslogl36edl116f_TT_0P65V_0P00V_0P00V_0P00V_25C (File: /raid/GF22FDX_PLUS/e_chip_I/GF22_libs/gf22nspslogl36edl116f_TT_0P65V_0P00V_0P00V_0P00V_25C.db)
    gtech (File: /cae/apps/data/synopsys-2025/syn/X-2025.06/libraries/syn/gtech.db)

Number of ports:                        44297
Number of nets:                        133380
Number of cells:                        87919
Number of combinational cells:          44538
Number of sequential cells:             43351
Number of macros/black boxes:               0
Number of buf/inv:                      20596
Number of references:                     314

Combinational area:              22939.769796
Buf/Inv area:                     2997.010843
Noncombinational area:            2644.911438
Macro/Black Box area:                0.000000
Net Interconnect area:      undefined  (No wire load specified)

Total cell area:                 25584.681234
Total area:                 undefined

Information: This design contains unmapped logic. (RPT-7)
1
