 
****************************************
Report : timing
        -path full
        -delay max
        -max_paths 1
Design : ivm_soc_v1
Version: X-2025.06
Date   : Mon Oct 13 23:24:11 2025
****************************************

 # A fanout number of 1000 was used for high fanout net computations.

Operating Conditions: TT_0P65V_0P00V_0P00V_0P00V_25C   Library: gf22nspslogl36eda116f_TT_0P65V_0P00V_0P00V_0P00V_25C
Wire Load Model Mode: enclosed

  Startpoint: iCPU/data_addr_ff_reg[2]
              (rising edge-triggered flip-flop clocked by clk)
  Endpoint: spimemio/config_do_reg[0]
            (rising edge-triggered flip-flop clocked by clk)
  Path Group: clk
  Path Type: max

  Point                                                   Incr       Path
  --------------------------------------------------------------------------
  clock clk (rise edge)                                   0.00       0.00
  clock network delay (ideal)                             0.00       0.00
  iCPU/data_addr_ff_reg[2]/CK (UDB116SVT36_FDPRBQ_V2_1)
                                                          0.00 #     0.00 r
  iCPU/data_addr_ff_reg[2]/Q (UDB116SVT36_FDPRBQ_V2_1)
                                                       6323.71 #  6323.71 r
  U490/X (UDB116SVT36_NR3_0P75)                        1988.73 #  8312.43 f
  U13752/X (UDB116SVT36_BUF_1)                          132.63    8445.06 f
  U329/X (UDB116SVT36_AN3B_0P75)                          3.34    8448.40 f
  U598/X (UDB116SVT36_AN2_1)                              0.08    8448.48 f
  spimemio/U230/X (UDB116SVT36_NR2_MM_1)                  0.05    8448.53 r
  spimemio/U66/X (UDB116SVT36_INV_1)                      0.05    8448.57 f
  spimemio/U231/X (UDB116SVT36_AOI22_1)                   0.03    8448.61 r
  U2236/X (UDB116SVT36_BUF_1)                             0.03    8448.64 r
  U2235/X (UDB116SVT36_BUF_1)                             0.02    8448.66 r
  U2234/X (UDB116SVT36_BUF_1)                             0.02    8448.68 r
  U2233/X (UDB116SVT36_BUF_1)                             0.02    8448.71 r
  U2232/X (UDB116SVT36_BUF_1)                             0.02    8448.73 r
  U2231/X (UDB116SVT36_BUF_1)                             0.02    8448.75 r
  U2230/X (UDB116SVT36_BUF_1)                             0.02    8448.78 r
  U2229/X (UDB116SVT36_BUF_1)                             0.02    8448.80 r
  spimemio/config_do_reg[0]/D (UDB116SVT36_FDPQB_D_4)     0.00    8448.80 r
  data arrival time                                               8448.80

  clock clk (rise edge)                                   2.00       2.00
  clock network delay (ideal)                             0.00       2.00
  clock uncertainty                                      -0.20       1.80
  spimemio/config_do_reg[0]/CK (UDB116SVT36_FDPQB_D_4)
                                                          0.00       1.80 r
  library setup time                                     -0.04       1.76
  data required time                                                 1.76
  --------------------------------------------------------------------------
  data required time                                                 1.76
  data arrival time                                              -8448.80
  --------------------------------------------------------------------------
  slack (VIOLATED)                                               -8447.04


1
