Information: Propagating switching activity (high effort zero delay simulation). (PWR-6)
Warning: Design has unannotated primary inputs. (PWR-414)
Warning: Design has unannotated sequential cell outputs. (PWR-415)
 
****************************************
Report : power
        -analysis_effort high
Design : rv32_cpu_top
Version: X-2025.06
Date   : Mon Oct 13 19:12:27 2025
****************************************


Library(s) Used:

    gf22nspslogl36edl116f_TT_0P65V_0P00V_0P00V_0P00V_25C (File: /raid/GF22FDX_PLUS/e_chip_I/GF22_libs/gf22nspslogl36edl116f_TT_0P65V_0P00V_0P00V_0P00V_25C.db)
    gf22nspslogl36eda116f_TT_0P65V_0P00V_0P00V_0P00V_25C (File: /raid/GF22FDX_PLUS/e_chip_I/GF22_libs/gf22nspslogl36eda116f_TT_0P65V_0P00V_0P00V_0P00V_25C.db)


Operating Conditions: TT_0P65V_0P00V_0P00V_0P00V_25C   Library: gf22nspslogl36eda116f_TT_0P65V_0P00V_0P00V_0P00V_25C
Wire Load Model Mode: enclosed

Design        Wire Load Model            Library
------------------------------------------------
rv32_cpu_top           ZeroWLM           gf22nspslogl36eda116f_TT_0P65V_0P00V_0P00V_0P00V_25C


Global Operating Voltage = 0.65 
Power-specific unit information :
    Voltage Units = 1V
    Capacitance Units = 1.000000pf
    Time Units = 1ns
    Dynamic Power Units = 1mW    (derived from V,C,T units)
    Leakage Power Units = 1nW


Attributes
----------
i - Including register clock pin internal power


  Cell Internal Power  =   1.0327 mW   (98%)
  Net Switching Power  =  22.9653 uW    (2%)
                         ---------
Total Dynamic Power    =   1.0556 mW  (100%)

Cell Leakage Power     =   4.4626 uW


                 Internal         Switching           Leakage            Total
Power Group      Power            Power               Power              Power   (   %    )  Attrs
--------------------------------------------------------------------------------------------------
io_pad             0.0000            0.0000            0.0000            0.0000  (   0.00%)
memory             0.0000            0.0000            0.0000            0.0000  (   0.00%)
black_box          0.0000            0.0000            0.0000            0.0000  (   0.00%)
clock_network      1.0185            0.0000            0.0000            1.0185  (  96.08%)  i
register       2.8094e-03        8.0177e-04        1.0871e+03        4.6983e-03  (   0.44%)
sequential         0.0000            0.0000            0.0000            0.0000  (   0.00%)
combinational  1.1329e-02        2.2163e-02        3.3755e+03        3.6867e-02  (   3.48%)
--------------------------------------------------------------------------------------------------
Total              1.0327 mW     2.2965e-02 mW     4.4626e+03 nW         1.0601 mW
1
