Information: Propagating switching activity (high effort zero delay simulation). (PWR-6)
Warning: Design has unannotated primary inputs. (PWR-414)
Warning: Design has unannotated sequential cell outputs. (PWR-415)
 
****************************************
Report : power
        -analysis_effort high
Design : rv32_cpu_top
Version: V-2023.12-SP5
Date   : Sun Aug 24 14:38:26 2025
****************************************


Library(s) Used:

    tcbn40lpbwptc (File: /cae/apps/data/tsmclibs-2013/digital/Front_End/timing_power_noise/NLDM/tcbn40lpbwp_120b/tcbn40lpbwptc.db)


Operating Conditions: NCCOM   Library: tcbn40lpbwptc
Wire Load Model Mode: segmented

Design        Wire Load Model            Library
------------------------------------------------
rv32_cpu_top           TSMC32K_Lowk_Conservative
                                         tcbn40lpbwptc


Global Operating Voltage = 1.1  
Power-specific unit information :
    Voltage Units = 1V
    Capacitance Units = 1.000000pf
    Time Units = 1ns
    Dynamic Power Units = 1mW    (derived from V,C,T units)
    Leakage Power Units = 1nW


Attributes
----------
i - Including register clock pin internal power


  Cell Internal Power  =   6.0938 mW   (96%)
  Net Switching Power  = 284.1352 uW    (4%)
                         ---------
Total Dynamic Power    =   6.3779 mW  (100%)

Cell Leakage Power     =   2.9821 uW


                 Internal         Switching           Leakage            Total
Power Group      Power            Power               Power              Power   (   %    )  Attrs
--------------------------------------------------------------------------------------------------
io_pad             0.0000            0.0000            0.0000            0.0000  (   0.00%)
memory             0.0000            0.0000            0.0000            0.0000  (   0.00%)
black_box          0.0000            0.0000            0.0000            0.0000  (   0.00%)
clock_network      5.9347            0.0000            0.0000            5.9347  (  93.01%)  i
register       3.3878e-02        1.1356e-02          526.4116        4.5760e-02  (   0.72%)
sequential         0.0000            0.0000            0.0000            0.0000  (   0.00%)
combinational      0.1252            0.2728        2.4557e+03            0.4004  (   6.27%)
--------------------------------------------------------------------------------------------------
Total              6.0938 mW         0.2841 mW     2.9821e+03 nW         6.3809 mW
1
