 
****************************************
Report : timing
        -path full
        -delay max
        -max_paths 1
Design : rv32_cpu_top
Version: V-2023.12-SP5
Date   : Tue Jan 28 15:50:28 2025
****************************************

 # A fanout number of 1000 was used for high fanout net computations.

Operating Conditions: NCCOM   Library: tcbn40lpbwptc
Wire Load Model Mode: segmented

  Startpoint: iMEM_WB/sel_rd1_queue_reg[2]
              (rising edge-triggered flip-flop clocked by clk)
  Endpoint: iPC/pc_reg[31]
            (rising edge-triggered flip-flop clocked by clk)
  Path Group: clk
  Path Type: max

  Des/Clust/Port     Wire Load Model       Library
  ------------------------------------------------
  rv32_cpu_top       TSMC32K_Lowk_Conservative
                                           tcbn40lpbwptc

  Point                                                   Incr       Path
  --------------------------------------------------------------------------
  clock clk (rise edge)                                   0.00       0.00
  clock network delay (ideal)                             0.00       0.00
  iMEM_WB/sel_rd1_queue_reg[2]/CP (DFCND4BWP)             0.00 #     0.00 r
  iMEM_WB/sel_rd1_queue_reg[2]/Q (DFCND4BWP)              0.14       0.14 r
  U10625/ZN (NR2XD2BWP)                                   0.03       0.17 f
  U10605/ZN (DCCKND4BWP)                                  0.02       0.18 r
  U13483/ZN (CKND2D4BWP)                                  0.02       0.20 f
  U12203/ZN (IAO21D4BWP)                                  0.03       0.23 r
  U5610/ZN (CKND2D4BWP)                                   0.03       0.25 f
  U13259/ZN (DCCKND4BWP)                                  0.02       0.27 r
  U9662/ZN (OAI211D4BWP)                                  0.03       0.31 f
  U13449/ZN (IND2D2BWP)                                   0.06       0.36 f
  U6471/ZN (INR2D4BWP)                                    0.03       0.40 r
  U6007/Z (BUFFD8BWP)                                     0.05       0.45 r
  U12589/Z (MUX2D1BWP)                                    0.07       0.51 f
  U6243/ZN (ND2D2BWP)                                     0.03       0.54 r
  U6018/ZN (IAO21D2BWP)                                   0.06       0.60 r
  U6144/ZN (CKND2D2BWP)                                   0.02       0.62 f
  U6199/ZN (INR2XD1BWP)                                   0.03       0.65 r
  U12112/ZN (IND2D4BWP)                                   0.03       0.68 f
  U13989/ZN (AOI211XD4BWP)                                0.05       0.74 r
  U6138/ZN (CKND2D3BWP)                                   0.04       0.77 f
  U13164/ZN (NR3D3BWP)                                    0.04       0.81 r
  U13163/ZN (CKND2D3BWP)                                  0.03       0.84 f
  U5399/ZN (CKND4BWP)                                     0.02       0.86 r
  U13699/ZN (CKND2D8BWP)                                  0.02       0.88 f
  U11637/ZN (CKND2D8BWP)                                  0.03       0.91 r
  U11619/ZN (INVD6BWP)                                    0.02       0.94 f
  U13542/ZN (NR3D8BWP)                                    0.05       0.98 r
  U11665/ZN (CKND2D4BWP)                                  0.02       1.01 f
  U12376/ZN (CKND4BWP)                                    0.02       1.02 r
  U8942/ZN (IND2D4BWP)                                    0.02       1.04 f
  U11746/ZN (ND2D2BWP)                                    0.02       1.05 r
  iPC/pc_reg[31]/D (DFCNQD2BWP)                           0.00       1.05 r
  data arrival time                                                  1.05

  clock clk (rise edge)                                   1.15       1.15
  clock network delay (ideal)                             0.00       1.15
  clock uncertainty                                      -0.08       1.07
  iPC/pc_reg[31]/CP (DFCNQD2BWP)                          0.00       1.07 r
  library setup time                                     -0.02       1.05
  data required time                                                 1.05
  --------------------------------------------------------------------------
  data required time                                                 1.05
  data arrival time                                                 -1.05
  --------------------------------------------------------------------------
  slack (VIOLATED)                                                  -0.01


1
