 
****************************************
Report : area
Design : rv32_cpu_top
Version: V-2023.12-SP5
Date   : Mon Mar 24 16:21:54 2025
****************************************

Library(s) Used:

    asap7sc7p5t_SIMPLE_RVT_TT_nldm_211120 (File: /filespace/i/imoondra/MS3/NLDM/asap7sc7p5t_SIMPLE_RVT_TT_nldm_211120.db)
    asap7sc7p5t_SEQ_RVT_TT_nldm_220123 (File: /filespace/i/imoondra/MS3/NLDM/asap7sc7p5t_SEQ_RVT_TT_nldm_220123.db)
    asap7sc7p5t_INVBUF_RVT_TT_nldm_211120 (File: /filespace/i/imoondra/MS3/NLDM/asap7sc7p5t_INVBUF_RVT_TT_nldm_211120.db)
    asap7sc7p5t_OA_RVT_TT_nldm_211120 (File: /filespace/i/imoondra/MS3/NLDM/asap7sc7p5t_OA_RVT_TT_nldm_211120.db)
    asap7sc7p5t_AO_RVT_TT_nldm_211120 (File: /filespace/i/imoondra/MS3/NLDM/asap7sc7p5t_AO_RVT_TT_nldm_211120.db)

Number of ports:                          199
Number of nets:                         10241
Number of cells:                        10175
Number of combinational cells:           8575
Number of sequential cells:              1600
Number of macros/black boxes:               0
Number of buf/inv:                       2322
Number of references:                     113

Combinational area:                642.001140
Buf/Inv area:                      115.065361
Noncombinational area:             508.579546
Macro/Black Box area:                0.000000
Net Interconnect area:      undefined  (No wire load specified)

Total cell area:                  1150.580686
Total area:                 undefined
1
