 
****************************************
Report : area
Design : rv32_cpu_top
Version: V-2023.12-SP5
Date   : Tue Feb  4 23:56:01 2025
****************************************

Library(s) Used:

    tcbn40lpbwptc (File: /cae/apps/data/tsmclibs-2013/digital/Front_End/timing_power_noise/NLDM/tcbn40lpbwp_120b/tcbn40lpbwptc.db)

Number of ports:                          199
Number of nets:                         12281
Number of cells:                        12042
Number of combinational cells:          10437
Number of sequential cells:              1605
Number of macros/black boxes:               0
Number of buf/inv:                       4763
Number of references:                     327

Combinational area:              18667.177468
Buf/Inv area:                     7071.346893
Noncombinational area:            7681.690951
Macro/Black Box area:                0.000000
Net Interconnect area:      undefined  (Wire load has zero net area)

Total cell area:                 26348.868420
Total area:                 undefined
1
