 
****************************************
Report : area
Design : rv32_cpu_top
Version: V-2023.12-SP5
Date   : Mon Sep  1 01:47:55 2025
****************************************

Library(s) Used:

    gf22nspslogl36edl116f_TT_0P65V_0P00V_0P00V_0P00V_25C (File: /raid/GF22FDX_PLUS/e_chip_I/GF22_libs/gf22nspslogl36edl116f_TT_0P65V_0P00V_0P00V_0P00V_25C.db)
    gf22nspslogl36eda116f_TT_0P65V_0P00V_0P00V_0P00V_25C (File: /raid/GF22FDX_PLUS/e_chip_I/GF22_libs/gf22nspslogl36eda116f_TT_0P65V_0P00V_0P00V_0P00V_25C.db)

Number of ports:                          201
Number of nets:                         10367
Number of cells:                        10298
Number of combinational cells:           8611
Number of sequential cells:              1687
Number of macros/black boxes:               0
Number of buf/inv:                       2477
Number of references:                     233

Combinational area:               2233.742368
Buf/Inv area:                      367.070386
Noncombinational area:            2011.683661
Macro/Black Box area:                0.000000
Net Interconnect area:      undefined  (Wire load has zero net area)

Total cell area:                  4245.426029
Total area:                 undefined
1
