 
****************************************
Report : timing
        -path full
        -delay max
        -max_paths 1
Design : icebreaker_v1
Version: X-2025.06
Date   : Thu Nov  6 18:28:06 2025
****************************************

 # A fanout number of 5000 was used for high fanout net computations.

Operating Conditions: nom_pvt   Library: dw_foundation.sldb
Wire Load Model Mode: top

  Startpoint: iSoC/spimemio/xfer/dummy_count_reg[0]
              (rising edge-triggered flip-flop clocked by clkin)
  Endpoint: iSoC/spimemio/xfer_io0_90_reg
            (rising edge-triggered flip-flop clocked by clkin')
  Path Group: clkin
  Path Type: max

  Point                                                   Incr       Path
  --------------------------------------------------------------------------
  clock clkin (rise edge)                                 0.00       0.00
  clock network delay (ideal)                             0.00       0.00
  iSoC/spimemio/xfer/dummy_count_reg[0]/clocked_on (**SEQGEN**)
                                                          0.00 #     0.00 r
  iSoC/spimemio/xfer/dummy_count_reg[0]/Q (**SEQGEN**)
                                                          0.00       0.00 r
  iSoC/spimemio/xfer/C436/Z (GTECH_OR2)                   0.00       0.00 r
  iSoC/spimemio/xfer/B_4/Z (GTECH_BUF)                    0.00       0.00 r
  iSoC/spimemio/xfer/C452/Z_0 (*SELECT_OP_2.1_2.1_1)      0.00       0.00 r
  iSoC/spimemio/xfer/flash_io0_do (spimemio_xfer)         0.00       0.00 r
  iSoC/spimemio/xfer_io0_90_reg/next_state (**SEQGEN**)
                                                          0.00       0.00 r
  data arrival time                                                  0.00

  clock clkin' (rise edge)                                0.67       0.67
  clock network delay (ideal)                             0.00       0.67
  clock uncertainty                                      -0.20       0.47
  iSoC/spimemio/xfer_io0_90_reg/clocked_on (**SEQGEN**)
                                                          0.00       0.47 r
  library setup time                                      0.00       0.47
  data required time                                                 0.47
  --------------------------------------------------------------------------
  data required time                                                 0.47
  data arrival time                                                  0.00
  --------------------------------------------------------------------------
  slack (MET)                                                        0.47


1
