 
****************************************
Report : area
Design : icebreaker_v1
Version: X-2025.06
Date   : Thu Nov  6 18:28:06 2025
****************************************

Library(s) Used:

    gtech (File: /cae/apps/data/synopsys-2025/syn/X-2025.06/libraries/syn/gtech.db)

Number of ports:                        18542
Number of nets:                        122796
Number of cells:                        99730
Number of combinational cells:          13775
Number of sequential cells:             85617
Number of macros/black boxes:               0
Number of buf/inv:                       1188
Number of references:                       1

Combinational area:                  0.000000
Buf/Inv area:                        0.000000
Noncombinational area:               0.000000
Macro/Black Box area:                0.000000
Net Interconnect area:      undefined  (No wire load specified)

Total cell area:                     0.000000
Total area:                 undefined

Information: This design contains unmapped logic. (RPT-7)
1
