 
****************************************
Report : timing
        -path full
        -delay min
        -max_paths 1
Design : icebreaker_v1
Version: X-2025.06
Date   : Thu Nov  6 18:28:06 2025
****************************************

 # A fanout number of 5000 was used for high fanout net computations.

Operating Conditions: nom_pvt   Library: dw_foundation.sldb
Wire Load Model Mode: top

  Startpoint: iSoC/iCPU/data_addr_ff_reg[31]
              (rising edge-triggered flip-flop clocked by clkin)
  Endpoint: iSoC/cache_access_ff_reg
            (rising edge-triggered flip-flop clocked by clkin)
  Path Group: clkin
  Path Type: min

  Point                                                   Incr       Path
  --------------------------------------------------------------------------
  clock clkin (rise edge)                                 0.00       0.00
  clock network delay (ideal)                             0.00       0.00
  iSoC/iCPU/data_addr_ff_reg[31]/clocked_on (**SEQGEN**)
                                                          0.00       0.00 r
  iSoC/iCPU/data_addr_ff_reg[31]/Q (**SEQGEN**)           0.00       0.00 r
  iSoC/iCPU/data_addr[31] (rv32_cpu_top)                  0.00       0.00 r
  iSoC/gte_95/A_31 (*GEQ_UNS_OP_32_21_1)                  0.00       0.00 r
  iSoC/gte_95/*cell*339/B[31] (DW01_cmp2_width32)         0.00       0.00 r
  ...
  iSoC/gte_95/*cell*339/LT_LE (DW01_cmp2_width32)         0.00       0.00 r
  iSoC/gte_95/Z_0 (*GEQ_UNS_OP_32_21_1)                   0.00       0.00 r
  iSoC/C984/Z (GTECH_AND2)                                0.00       0.00 r
  iSoC/cache_access_ff_reg/next_state (**SEQGEN**)        0.00       0.00 r
  data arrival time                                                  0.00

  clock clkin (rise edge)                                 0.00       0.00
  clock network delay (ideal)                             0.00       0.00
  clock uncertainty                                       0.25       0.25
  iSoC/cache_access_ff_reg/clocked_on (**SEQGEN**)        0.00       0.25 r
  library hold time                                       0.00       0.25
  data required time                                                 0.25
  --------------------------------------------------------------------------
  data required time                                                 0.25
  data arrival time                                                  0.00
  --------------------------------------------------------------------------
  slack (VIOLATED)                                                  -0.25


1
