Information: Propagating switching activity (high effort zero delay simulation). (PWR-6)
Warning: Design has unannotated primary inputs. (PWR-414)
Warning: Design has unannotated sequential cell outputs. (PWR-415)
 
****************************************
Report : power
        -analysis_effort high
Design : ivm_soc_v1
Version: X-2025.06
Date   : Mon Oct 13 23:24:10 2025
****************************************


Library(s) Used:

    gf22nspslogl36eda116f_TT_0P65V_0P00V_0P00V_0P00V_25C (File: /raid/GF22FDX_PLUS/e_chip_I/GF22_libs/gf22nspslogl36eda116f_TT_0P65V_0P00V_0P00V_0P00V_25C.db)
    gf22nspslogl36edl116f_TT_0P65V_0P00V_0P00V_0P00V_25C (File: /raid/GF22FDX_PLUS/e_chip_I/GF22_libs/gf22nspslogl36edl116f_TT_0P65V_0P00V_0P00V_0P00V_25C.db)
    gtech (File: /cae/apps/data/synopsys-2025/syn/X-2025.06/libraries/syn/gtech.db)


Operating Conditions: TT_0P65V_0P00V_0P00V_0P00V_25C   Library: gf22nspslogl36eda116f_TT_0P65V_0P00V_0P00V_0P00V_25C
Wire Load Model Mode: enclosed

Design        Wire Load Model            Library
------------------------------------------------
ivm_soc_v1_MUX_OP_256_8_32_1
                       ZeroWLM           gf22nspslogl36eda116f_TT_0P65V_0P00V_0P00V_0P00V_25C
ivm_soc_v1_MUX_OP_256_8_32_1_13
                       ZeroWLM           gf22nspslogl36eda116f_TT_0P65V_0P00V_0P00V_0P00V_25C
ivm_soc_v1_MUX_OP_256_8_32_1_14
                       ZeroWLM           gf22nspslogl36eda116f_TT_0P65V_0P00V_0P00V_0P00V_25C
ivm_soc_v1_MUX_OP_256_8_32_1_15
                       ZeroWLM           gf22nspslogl36eda116f_TT_0P65V_0P00V_0P00V_0P00V_25C
ivm_soc_v1_MUX_OP_256_8_32_1_16
                       ZeroWLM           gf22nspslogl36eda116f_TT_0P65V_0P00V_0P00V_0P00V_25C


Global Operating Voltage = 0.65 
Power-specific unit information :
    Voltage Units = 1V
    Capacitance Units = 1.000000pf
    Time Units = 1ns
    Dynamic Power Units = 1mW    (derived from V,C,T units)
    Leakage Power Units = 1nW


Attributes
----------
i - Including register clock pin internal power


  Cell Internal Power  = 346.2841 uW   (97%)
  Net Switching Power  =   9.5121 uW    (3%)
                         ---------
Total Dynamic Power    = 355.7962 uW  (100%)

Cell Leakage Power     =   8.9309 uW


                 Internal         Switching           Leakage            Total
Power Group      Power            Power               Power              Power   (   %    )  Attrs
--------------------------------------------------------------------------------------------------
io_pad             0.0000            0.0000            0.0000            0.0000  (   0.00%)
memory             0.0000            0.0000            0.0000            0.0000  (   0.00%)
black_box          0.0000            0.0000            0.0000            0.0000  (   0.00%)
clock_network      0.3334            0.0000            0.4424            0.3334  (  91.42%)  i
register       2.6556e-03        7.9816e-04        1.4427e+03        4.8966e-03  (   1.34%)
sequential         0.0000            0.0000            0.0000            0.0000  (   0.00%)
combinational  1.0204e-02        8.7141e-03        7.4877e+03        2.6405e-02  (   7.24%)
--------------------------------------------------------------------------------------------------
Total              0.3463 mW     9.5123e-03 mW     8.9309e+03 nW         0.3647 mW
1
