 
****************************************
Report : area
Design : ivm_soc_v1
Version: X-2025.06
Date   : Sun Sep 28 23:06:04 2025
****************************************

Library(s) Used:

    gf22nspslogl36edl116f_TT_0P65V_0P00V_0P00V_0P00V_25C (File: /raid/GF22FDX_PLUS/e_chip_I/GF22_libs/gf22nspslogl36edl116f_TT_0P65V_0P00V_0P00V_0P00V_25C.db)
    gtech (File: /cae/apps/data/synopsys-2025/syn/X-2025.06/libraries/syn/gtech.db)
    gf22nspslogl36eda116f_TT_0P65V_0P00V_0P00V_0P00V_25C (File: /raid/GF22FDX_PLUS/e_chip_I/GF22_libs/gf22nspslogl36eda116f_TT_0P65V_0P00V_0P00V_0P00V_25C.db)

Number of ports:                        13732
Number of nets:                        126763
Number of cells:                       109859
Number of combinational cells:          66233
Number of sequential cells:             43511
Number of macros/black boxes:               0
Number of buf/inv:                      20212
Number of references:                      44

Combinational area:               3596.287615
Buf/Inv area:                      397.388148
Noncombinational area:            2819.238563
Macro/Black Box area:                0.000000
Net Interconnect area:      undefined  (No wire load specified)

Total cell area:                  6415.526179
Total area:                 undefined

Information: This design contains unmapped logic. (RPT-7)
1
