 
****************************************
Report : timing
        -path full
        -delay min
        -max_paths 1
Design : rv32_cpu_top
Version: V-2023.12-SP5
Date   : Mon Sep  1 01:47:55 2025
****************************************

 # A fanout number of 1000 was used for high fanout net computations.

Operating Conditions: TT_0P65V_0P00V_0P00V_0P00V_25C   Library: gf22nspslogl36eda116f_TT_0P65V_0P00V_0P00V_0P00V_25C
Wire Load Model Mode: enclosed

  Startpoint: iID_EX/pc_hlt_queue_reg
              (rising edge-triggered flip-flop clocked by clk)
  Endpoint: iEX_MEM/pc_hlt_queue_reg
            (rising edge-triggered flip-flop clocked by clk)
  Path Group: clk
  Path Type: min

  Des/Clust/Port     Wire Load Model       Library
  ------------------------------------------------
  rv32_cpu_top       ZeroWLM               gf22nspslogl36eda116f_TT_0P65V_0P00V_0P00V_0P00V_25C

  Point                                                   Incr       Path
  --------------------------------------------------------------------------
  clock clk (rise edge)                                   0.00       0.00
  clock network delay (ideal)                             0.00       0.00
  iID_EX/pc_hlt_queue_reg/CK (UDB116SVT36_FDPSBQ_1)       0.00 #     0.00 r
  iID_EX/pc_hlt_queue_reg/Q (UDB116SVT36_FDPSBQ_1)        0.04       0.04 r
  iEX_MEM/pc_hlt_queue_reg/D (UDB116SVT36_FDPSBQ_1)       0.00       0.04 r
  data arrival time                                                  0.04

  clock clk (rise edge)                                   0.00       0.00
  clock network delay (ideal)                             0.00       0.00
  clock uncertainty                                       0.12       0.12
  iEX_MEM/pc_hlt_queue_reg/CK (UDB116SVT36_FDPSBQ_1)      0.00       0.12 r
  library hold time                                      -0.02       0.10
  data required time                                                 0.10
  --------------------------------------------------------------------------
  data required time                                                 0.10
  data arrival time                                                 -0.04
  --------------------------------------------------------------------------
  slack (VIOLATED)                                                  -0.06


1
