Warning: Design 'ivm_soc_v0' has '1' unresolved references. For more detailed information, use the "link" command. (UID-341)
 
****************************************
Report : area
Design : ivm_soc_v0
Version: V-2023.12-SP5
Date   : Tue May 13 14:31:08 2025
****************************************

Library(s) Used:

    asap7sc7p5t_INVBUF_RVT_TT_nldm_211120 (File: /filespace/i/imoondra/ASAP_7nm_ASIC/asap7sc7p5t_28/LIB/NLDM/asap7sc7p5t_INVBUF_RVT_TT_nldm_211120.db)
    asap7sc7p5t_SIMPLE_RVT_TT_nldm_211120 (File: /filespace/i/imoondra/ASAP_7nm_ASIC/asap7sc7p5t_28/LIB/NLDM/asap7sc7p5t_SIMPLE_RVT_TT_nldm_211120.db)
    asap7sc7p5t_AO_RVT_TT_nldm_211120 (File: /filespace/i/imoondra/ASAP_7nm_ASIC/asap7sc7p5t_28/LIB/NLDM/asap7sc7p5t_AO_RVT_TT_nldm_211120.db)
    asap7sc7p5t_OA_RVT_TT_nldm_211120 (File: /filespace/i/imoondra/ASAP_7nm_ASIC/asap7sc7p5t_28/LIB/NLDM/asap7sc7p5t_OA_RVT_TT_nldm_211120.db)
    asap7sc7p5t_SEQ_RVT_TT_nldm_220123 (File: /filespace/i/imoondra/ASAP_7nm_ASIC/asap7sc7p5t_28/LIB/NLDM/asap7sc7p5t_SEQ_RVT_TT_nldm_220123.db)

Number of ports:                          121
Number of nets:                         98871
Number of cells:                        98735
Number of combinational cells:          64243
Number of sequential cells:             34492
Number of macros/black boxes:               0
Number of buf/inv:                       3297
Number of references:                      80

Combinational area:               5463.169806
Buf/Inv area:                      157.915982
Noncombinational area:           10179.726470
Macro/Black Box area:                0.000000
Net Interconnect area:      undefined  (No wire load specified)

Total cell area:                 15642.896277
Total area:                 undefined

Information: This design contains black box (unknown) components. (RPT-8)
1
