 
****************************************
Report : timing
        -path full
        -delay max
        -max_paths 1
Design : rv32_cpu_top
Version: V-2023.12-SP5
Date   : Wed May  7 20:46:49 2025
****************************************

 # A fanout number of 1000 was used for high fanout net computations.

Operating Conditions: PVT_0P7V_25C   Library: asap7sc7p5t_AO_RVT_TT_nldm_211120
Wire Load Model Mode: segmented

  Startpoint: iIF_ID/code_queue_reg[0]
              (rising edge-triggered flip-flop clocked by clk)
  Endpoint: data_addr[23]
            (output port clocked by clk)
  Path Group: clk
  Path Type: max

  Point                                                   Incr       Path
  --------------------------------------------------------------------------
  clock clk (rise edge)                                   0.00       0.00
  clock network delay (ideal)                             0.00       0.00
  iIF_ID/code_queue_reg[0]/CLK (DFFASRHQNx1_ASAP7_75t_R)
                                                          0.00 #     0.00 r
  iIF_ID/code_queue_reg[0]/QN (DFFASRHQNx1_ASAP7_75t_R)
                                                         65.28      65.28 f
  U7058/Y (AND2x4_ASAP7_75t_R)                           27.22      92.50 f
  U9112/Y (NAND2x2_ASAP7_75t_R)                          16.08     108.58 r
  U13871/Y (NOR3x1_ASAP7_75t_R)                          18.13     126.71 f
  U7088/Y (OAI21xp5_ASAP7_75t_R)                         15.52     142.23 r
  U7347/Y (O2A1O1Ixp5_ASAP7_75t_R)                       14.16     156.39 f
  U7037/Y (AND2x4_ASAP7_75t_R)                           28.73     185.11 f
  U9440/Y (BUFx12f_ASAP7_75t_R)                          22.62     207.73 f
  U7373/Y (OR2x2_ASAP7_75t_R)                            25.19     232.93 f
  U9727/Y (AO31x2_ASAP7_75t_R)                           23.15     256.08 f
  U10649/Y (NAND2xp5_ASAP7_75t_R)                        17.07     273.15 r
  U7130/Y (BUFx3_ASAP7_75t_R)                            32.76     305.91 r
  U6735/Y (NOR2xp33_ASAP7_75t_R)                         24.76     330.66 f
  U10482/Y (NOR4xp25_ASAP7_75t_R)                        42.37     373.03 r
  U7526/Y (INVxp67_ASAP7_75t_R)                          24.24     397.27 f
  U8034/Y (NAND2xp33_ASAP7_75t_R)                        20.53     417.80 r
  U9223/Y (OAI211xp5_ASAP7_75t_R)                        15.43     433.23 f
  U10027/Y (NOR2xp33_ASAP7_75t_R)                        16.59     449.82 r
  U9224/Y (NAND3xp33_ASAP7_75t_R)                        19.42     469.25 f
  U7352/Y (INVxp67_ASAP7_75t_R)                          11.86     481.10 r
  U10911/Y (NOR2xp33_ASAP7_75t_R)                         8.79     489.89 f
  data_addr[23] (out)                                     0.00     489.89 f
  data arrival time                                                489.89

  clock clk (rise edge)                                 500.00     500.00
  clock network delay (ideal)                             0.00     500.00
  clock uncertainty                                     -10.00     490.00
  output external delay                                  -0.10     489.90
  data required time                                               489.90
  --------------------------------------------------------------------------
  data required time                                               489.90
  data arrival time                                               -489.89
  --------------------------------------------------------------------------
  slack (MET)                                                        0.01


1
